+ date -Is
2026-10-02T12:18:25-04:00
+ hostname
node1
+ dpkg-query -W libvirt-daemon-system qemu-system-x86 ovmf swtpm
libvirt-daemon-system	11.3.0-3+deb13u3
ovmf	2025.02-8+deb13u1
qemu-system-x86	1:10.0.13+ds-0+deb13u1
swtpm	0.7.1-1.5
+ cd ~/locumview-import
+ sha256sum -c SHA256SUMS
locumview-ref-dev.qcow2: OK
locumview-ref-dev_VARS.fd: OK
swtpm-2604cc64-67d1-40eb-850c-940d67c13402.tar: OK
+ virsh -c qemu:///system dominfo locumview-ref-dev
+ install -d -m 711 /home/libvirt /home/libvirt/images
+ virsh -c qemu:///system pool-info locumview
+ virsh -c qemu:///system pool-define-as locumview dir --target /home/libvirt/images
Pool locumview defined

+ virsh -c qemu:///system pool-autostart locumview
Pool locumview marked as autostarted

+ virsh -c qemu:///system pool-start locumview
Pool locumview started

+ mv ~/locumview-import/locumview-ref-dev.qcow2 /home/libvirt/images/locumview-ref-dev.qcow2
+ chown root:root /home/libvirt/images/locumview-ref-dev.qcow2
+ chmod 600 /home/libvirt/images/locumview-ref-dev.qcow2
+ virsh -c qemu:///system pool-refresh locumview
Pool locumview refreshed

+ install -m 600 ~/locumview-import/locumview-ref-dev_VARS.fd /var/lib/libvirt/qemu/nvram/locumview-ref-dev_VARS.fd
+ install -d /var/lib/libvirt/swtpm
+ tar -C /var/lib/libvirt/swtpm --no-same-owner -xpf ~/locumview-import/swtpm-2604cc64-67d1-40eb-850c-940d67c13402.tar
+ virsh -c qemu:///system define ~/locumview-import/locumview-ref-dev.node1.xml
Domain 'locumview-ref-dev' defined from ~/locumview-import/locumview-ref-dev.node1.xml

+ virsh -c qemu:///system start locumview-ref-dev
error: Failed to start domain 'locumview-ref-dev'
error: internal error: QEMU unexpectedly closed the monitor (vm='locumview-ref-dev'): 2026-10-02T16:18:34.181684Z qemu-system-x86_64: tpm-emulator: TPM result for CMD_INIT: 0x101 operation failed

+ journalctl -u libvirtd -u virtqemud --since -2min --no-pager
+ tail -20
Oct 02 12:18:33 node1 libvirtd[1324]: This swtpm version doesn't support explicit locking
Oct 02 12:18:34 node1 libvirtd[1324]: Unable to read from monitor: Connection reset by peer
Oct 02 12:18:34 node1 libvirtd[1324]: internal error: QEMU unexpectedly closed the monitor (vm='locumview-ref-dev'): 2026-10-02T16:18:34.181684Z qemu-system-x86_64: tpm-emulator: TPM result for CMD_INIT: 0x101 operation failed
+ mv /var/lib/libvirt/swtpm/2604cc64-67d1-40eb-850c-940d67c13402 /var/lib/libvirt/swtpm/2604cc64-67d1-40eb-850c-940d67c13402.from-thinkpad-swtpm-0.10.2
+ echo 'RETRY with a fresh vTPM (old state kept beside it)'
RETRY with a fresh vTPM (old state kept beside it)
+ virsh -c qemu:///system start locumview-ref-dev
Domain 'locumview-ref-dev' started

+ virsh -c qemu:///system autostart locumview-ref-dev
Domain 'locumview-ref-dev' marked as autostarted

++ seq 180
+ for _ in $(seq 180)
+ virsh -c qemu:///system domifaddr locumview-ref-dev --source agent
+ grep -q '192\.168\.'
+ sleep 2
+ for _ in $(seq 180)
+ virsh -c qemu:///system domifaddr locumview-ref-dev --source agent
+ grep -q '192\.168\.'
+ sleep 2
+ for _ in $(seq 180)
+ virsh -c qemu:///system domifaddr locumview-ref-dev --source agent
+ grep -q '192\.168\.'
+ sleep 2
+ for _ in $(seq 180)
+ virsh -c qemu:///system domifaddr locumview-ref-dev --source agent
+ grep -q '192\.168\.'
+ sleep 2
+ for _ in $(seq 180)
+ virsh -c qemu:///system domifaddr locumview-ref-dev --source agent
+ grep -q '192\.168\.'
+ sleep 2
+ for _ in $(seq 180)
+ virsh -c qemu:///system domifaddr locumview-ref-dev --source agent
+ grep -q '192\.168\.'
+ break
+ virsh -c qemu:///system domifaddr locumview-ref-dev --source agent
 Name       MAC address          Protocol     Address
-------------------------------------------------------------------------------
 lo         00:00:00:00:00:00    ipv4         127.0.0.1/8
 -          -                    ipv6         ::1/128
 enp1s0     52:54:00:fb:95:74    ipv4         <ref-dev-ip>/22
 -          -                    ipv6         fe80::5054:ff:fefb:9574/64

+ virsh -c qemu:///system dominfo locumview-ref-dev
Id:             2
Name:           locumview-ref-dev
UUID:           2604cc64-67d1-40eb-850c-940d67c13402
OS Type:        hvm
State:          running
CPU(s):         4
CPU time:       14.1s
Max memory:     8388608 KiB
Used memory:    8388608 KiB
Persistent:     yes
Autostart:      enable
Autostart Once: disable
Managed save:   no
Security model: apparmor
Security DOI:   0
Security label: libvirt-2604cc64-67d1-40eb-850c-940d67c13402 (enforcing)

+ echo 'IMPORT DONE'
IMPORT DONE
